[   11382ms] [LOG] %c
▲

__  __                                     _            __
\ \/ /___  __  __   _________ _____       (_)_  _______/ /_
 \  / __ \/ / / /  / ___/ __ `/ __ \     / / / / / ___/ __/
 / / /_/ / /_/ /  / /__/ /_/ / / / /    / / /_/ (__  ) /_
/_/\____/\__,_/   \___/\__,_/_/ /_/  __/ /\__,_/____/\__/
         __    _          __  __    /___/
   _____/ /_  (_)___     / /_/ /_  (_)___  ____ ______
  / ___/ __ \/ / __ \   / __/ __ \/ / __ \/ __ `/ ___/
 (__  ) / / / / /_/ /  / /_/ / / / / / / / /_/ (__  )
/____/_/ /_/_/ .___/   \__/_/ /_/_/_/ /_/\__, /____/
            /_/                         /____/
  

Hello!

- Open Source https://vercel.com/oss
- Careers https://vercel.com/careers
- Status https://vercel-status.com

 font-family: "Geist Mono", monospace; white-space: pre; line-height: 1; @ https://vercel.com/_next/static/immutable/chunks/2x2g4glth1tba.js:78
[   41968ms] Error: Minified React error #418; visit https://react.dev/errors/418?args[]=HTML&args[]= for the full message or use the non-minified dev environment for full errors and additional helpful warnings.
    at r4 (https://vercel.com/_next/static/immutable/chunks/2x2g4glth1tba.js:109:47741)
    at iC (https://vercel.com/_next/static/immutable/chunks/2x2g4glth1tba.js:109:101936)
    at sG (https://vercel.com/_next/static/immutable/chunks/2x2g4glth1tba.js:109:144374)
    at https://vercel.com/_next/static/immutable/chunks/2x2g4glth1tba.js:109:144219
    at sQ (https://vercel.com/_next/static/immutable/chunks/2x2g4glth1tba.js:109:144227)
    at sI (https://vercel.com/_next/static/immutable/chunks/2x2g4glth1tba.js:109:139277)
    at cy (https://vercel.com/_next/static/immutable/chunks/2x2g4glth1tba.js:109:174222)
    at cp (https://vercel.com/_next/static/immutable/chunks/2x2g4glth1tba.js:109:172125)
    at ch (https://vercel.com/_next/static/immutable/chunks/2x2g4glth1tba.js:109:172482)
    at https://vercel.com/_next/static/immutable/chunks/2x2g4glth1tba.js:109:174281
[   50365ms] Minified React error #419; visit https://react.dev/errors/419 for the full message or use the non-minified dev environment for full errors and additional helpful warnings.
[   50366ms] Minified React error #419; visit https://react.dev/errors/419 for the full message or use the non-minified dev environment for full errors and additional helpful warnings.
[   53347ms] [WARNING] The resource https://vercel.com/_next/static/immutable/chunks/21rw_-yth3n_r.css was preloaded using link preload but not used within a few seconds from the window's load event. Please make sure it has an appropriate `as` value and it is preloaded intentionally. @ https://vercel.com/bhavya-foundation/bhavya-foundation-website:0
[   53348ms] [WARNING] The resource https://vercel.com/_next/static/immutable/chunks/3flhcz7cw314y.css was preloaded using link preload but not used within a few seconds from the window's load event. Please make sure it has an appropriate `as` value and it is preloaded intentionally. @ https://vercel.com/bhavya-foundation/bhavya-foundation-website:0
[   53348ms] [WARNING] The resource https://vercel.com/_next/static/immutable/chunks/1lrt0kk_p9rdf.css was preloaded using link preload but not used within a few seconds from the window's load event. Please make sure it has an appropriate `as` value and it is preloaded intentionally. @ https://vercel.com/bhavya-foundation/bhavya-foundation-website:0
[   63532ms] [ERROR] VError: [@vercel/cdp.queue] Queue timeout after 20000ms (flush #1). isReady=false. Force-flushing 2 event(s).
    at https://vercel.com/_next/static/immutable/chunks/26kmdlr-3povq.js:2:3003
    at Object.log (https://vercel.com/_next/static/immutable/chunks/26kmdlr-3povq.js:2:3323)
    at v.forceFlushAll (https://vercel.com/_next/static/immutable/chunks/26kmdlr-3povq.js:2:7892)
    at https://vercel.com/_next/static/immutable/chunks/26kmdlr-3povq.js:2:8848 @ https://vercel.com/_next/static/immutable/chunks/26kmdlr-3povq.js:1
[   91836ms] [WARNING] The resource https://vercel.com/_next/static/immutable/chunks/296pubnon3xrx.css was preloaded using link preload but not used within a few seconds from the window's load event. Please make sure it has an appropriate `as` value and it is preloaded intentionally. @ https://vercel.com/bhavya-foundation/bhavya-foundation-website:0
[   91837ms] [WARNING] The resource https://vercel.com/_next/static/immutable/chunks/32fn_23dei1yg.css was preloaded using link preload but not used within a few seconds from the window's load event. Please make sure it has an appropriate `as` value and it is preloaded intentionally. @ https://vercel.com/bhavya-foundation/bhavya-foundation-website:0
[   91838ms] [WARNING] The resource https://vercel.com/_next/static/immutable/chunks/1_zhxte94w_ni.css was preloaded using link preload but not used within a few seconds from the window's load event. Please make sure it has an appropriate `as` value and it is preloaded intentionally. @ https://vercel.com/bhavya-foundation/bhavya-foundation-website:0
[   91838ms] [WARNING] The resource https://vercel.com/_next/static/immutable/chunks/3flhcz7cw314y.css was preloaded using link preload but not used within a few seconds from the window's load event. Please make sure it has an appropriate `as` value and it is preloaded intentionally. @ https://vercel.com/bhavya-foundation/bhavya-foundation-website:0
[   91854ms] [WARNING] The resource https://vercel.com/_next/static/immutable/chunks/21rw_-yth3n_r.css was preloaded using link preload but not used within a few seconds from the window's load event. Please make sure it has an appropriate `as` value and it is preloaded intentionally. @ https://vercel.com/bhavya-foundation/bhavya-foundation-website:0
[   91856ms] [WARNING] The resource https://vercel.com/_next/static/immutable/chunks/2oriaryyh9mxi.css was preloaded using link preload but not used within a few seconds from the window's load event. Please make sure it has an appropriate `as` value and it is preloaded intentionally. @ https://vercel.com/bhavya-foundation/bhavya-foundation-website:0
[   91868ms] [WARNING] The resource https://vercel.com/_next/static/immutable/chunks/20i78jgd2slur.css was preloaded using link preload but not used within a few seconds from the window's load event. Please make sure it has an appropriate `as` value and it is preloaded intentionally. @ https://vercel.com/bhavya-foundation/bhavya-foundation-website:0
[   91872ms] [WARNING] The resource https://vercel.com/_next/static/immutable/chunks/1lrt0kk_p9rdf.css was preloaded using link preload but not used within a few seconds from the window's load event. Please make sure it has an appropriate `as` value and it is preloaded intentionally. @ https://vercel.com/bhavya-foundation/bhavya-foundation-website:0
[  103768ms] [WARNING] The resource https://vercel.com/_next/static/immutable/chunks/296pubnon3xrx.css was preloaded using link preload but not used within a few seconds from the window's load event. Please make sure it has an appropriate `as` value and it is preloaded intentionally. @ https://vercel.com/bhavya-foundation/bhavya-foundation-website:0
[  103768ms] [WARNING] The resource https://vercel.com/_next/static/immutable/chunks/32fn_23dei1yg.css was preloaded using link preload but not used within a few seconds from the window's load event. Please make sure it has an appropriate `as` value and it is preloaded intentionally. @ https://vercel.com/bhavya-foundation/bhavya-foundation-website:0
[  103768ms] [WARNING] The resource https://vercel.com/_next/static/immutable/chunks/1_zhxte94w_ni.css was preloaded using link preload but not used within a few seconds from the window's load event. Please make sure it has an appropriate `as` value and it is preloaded intentionally. @ https://vercel.com/bhavya-foundation/bhavya-foundation-website:0
[  103768ms] [WARNING] The resource https://vercel.com/_next/static/immutable/chunks/3flhcz7cw314y.css was preloaded using link preload but not used within a few seconds from the window's load event. Please make sure it has an appropriate `as` value and it is preloaded intentionally. @ https://vercel.com/bhavya-foundation/bhavya-foundation-website:0
[  103768ms] [WARNING] The resource https://vercel.com/_next/static/immutable/chunks/21rw_-yth3n_r.css was preloaded using link preload but not used within a few seconds from the window's load event. Please make sure it has an appropriate `as` value and it is preloaded intentionally. @ https://vercel.com/bhavya-foundation/bhavya-foundation-website:0
[  103768ms] [WARNING] The resource https://vercel.com/_next/static/immutable/chunks/2oriaryyh9mxi.css was preloaded using link preload but not used within a few seconds from the window's load event. Please make sure it has an appropriate `as` value and it is preloaded intentionally. @ https://vercel.com/bhavya-foundation/bhavya-foundation-website:0
[  103768ms] [WARNING] The resource https://vercel.com/_next/static/immutable/chunks/20i78jgd2slur.css was preloaded using link preload but not used within a few seconds from the window's load event. Please make sure it has an appropriate `as` value and it is preloaded intentionally. @ https://vercel.com/bhavya-foundation/bhavya-foundation-website:0
[  103768ms] [WARNING] The resource https://vercel.com/_next/static/immutable/chunks/04eapzb7_6k52.css was preloaded using link preload but not used within a few seconds from the window's load event. Please make sure it has an appropriate `as` value and it is preloaded intentionally. @ https://vercel.com/bhavya-foundation/bhavya-foundation-website:0
[  103815ms] [WARNING] The resource https://vercel.com/_next/static/immutable/chunks/1lrt0kk_p9rdf.css was preloaded using link preload but not used within a few seconds from the window's load event. Please make sure it has an appropriate `as` value and it is preloaded intentionally. @ https://vercel.com/bhavya-foundation/bhavya-foundation-website:0
[  138185ms] [WARNING] The resource https://vercel.com/_next/static/immutable/chunks/296pubnon3xrx.css was preloaded using link preload but not used within a few seconds from the window's load event. Please make sure it has an appropriate `as` value and it is preloaded intentionally. @ https://vercel.com/bhavya-foundation/bhavya-foundation-website:0
[  138186ms] [WARNING] The resource https://vercel.com/_next/static/immutable/chunks/32fn_23dei1yg.css was preloaded using link preload but not used within a few seconds from the window's load event. Please make sure it has an appropriate `as` value and it is preloaded intentionally. @ https://vercel.com/bhavya-foundation/bhavya-foundation-website:0
[  138186ms] [WARNING] The resource https://vercel.com/_next/static/immutable/chunks/1_zhxte94w_ni.css was preloaded using link preload but not used within a few seconds from the window's load event. Please make sure it has an appropriate `as` value and it is preloaded intentionally. @ https://vercel.com/bhavya-foundation/bhavya-foundation-website:0
[  138199ms] [WARNING] The resource https://vercel.com/_next/static/immutable/chunks/3flhcz7cw314y.css was preloaded using link preload but not used within a few seconds from the window's load event. Please make sure it has an appropriate `as` value and it is preloaded intentionally. @ https://vercel.com/bhavya-foundation/bhavya-foundation-website:0
[  138203ms] [WARNING] The resource https://vercel.com/_next/static/immutable/chunks/21rw_-yth3n_r.css was preloaded using link preload but not used within a few seconds from the window's load event. Please make sure it has an appropriate `as` value and it is preloaded intentionally. @ https://vercel.com/bhavya-foundation/bhavya-foundation-website:0
[  138204ms] [WARNING] The resource https://vercel.com/_next/static/immutable/chunks/2oriaryyh9mxi.css was preloaded using link preload but not used within a few seconds from the window's load event. Please make sure it has an appropriate `as` value and it is preloaded intentionally. @ https://vercel.com/bhavya-foundation/bhavya-foundation-website:0
[  138236ms] [WARNING] The resource https://vercel.com/_next/static/immutable/chunks/20i78jgd2slur.css was preloaded using link preload but not used within a few seconds from the window's load event. Please make sure it has an appropriate `as` value and it is preloaded intentionally. @ https://vercel.com/bhavya-foundation/bhavya-foundation-website:0
[  138262ms] [WARNING] The resource https://vercel.com/_next/static/immutable/chunks/04eapzb7_6k52.css was preloaded using link preload but not used within a few seconds from the window's load event. Please make sure it has an appropriate `as` value and it is preloaded intentionally. @ https://vercel.com/bhavya-foundation/bhavya-foundation-website:0
[  138267ms] [WARNING] The resource https://vercel.com/_next/static/immutable/chunks/1lrt0kk_p9rdf.css was preloaded using link preload but not used within a few seconds from the window's load event. Please make sure it has an appropriate `as` value and it is preloaded intentionally. @ https://vercel.com/bhavya-foundation/bhavya-foundation-website:0
[  144403ms] [WARNING] The resource https://vercel.com/_next/static/immutable/chunks/296pubnon3xrx.css was preloaded using link preload but not used within a few seconds from the window's load event. Please make sure it has an appropriate `as` value and it is preloaded intentionally. @ https://vercel.com/bhavya-foundation/bhavya-foundation-website:0
[  144404ms] [WARNING] The resource https://vercel.com/_next/static/immutable/chunks/32fn_23dei1yg.css was preloaded using link preload but not used within a few seconds from the window's load event. Please make sure it has an appropriate `as` value and it is preloaded intentionally. @ https://vercel.com/bhavya-foundation/bhavya-foundation-website:0
[  144404ms] [WARNING] The resource https://vercel.com/_next/static/immutable/chunks/1_zhxte94w_ni.css was preloaded using link preload but not used within a few seconds from the window's load event. Please make sure it has an appropriate `as` value and it is preloaded intentionally. @ https://vercel.com/bhavya-foundation/bhavya-foundation-website:0
[  144419ms] [WARNING] The resource https://vercel.com/_next/static/immutable/chunks/3flhcz7cw314y.css was preloaded using link preload but not used within a few seconds from the window's load event. Please make sure it has an appropriate `as` value and it is preloaded intentionally. @ https://vercel.com/bhavya-foundation/bhavya-foundation-website:0
[  144721ms] [WARNING] The resource https://vercel.com/_next/static/immutable/chunks/21rw_-yth3n_r.css was preloaded using link preload but not used within a few seconds from the window's load event. Please make sure it has an appropriate `as` value and it is preloaded intentionally. @ https://vercel.com/bhavya-foundation/bhavya-foundation-website:0
[  144722ms] [WARNING] The resource https://vercel.com/_next/static/immutable/chunks/2oriaryyh9mxi.css was preloaded using link preload but not used within a few seconds from the window's load event. Please make sure it has an appropriate `as` value and it is preloaded intentionally. @ https://vercel.com/bhavya-foundation/bhavya-foundation-website:0
[  144771ms] [WARNING] The resource https://vercel.com/_next/static/immutable/chunks/20i78jgd2slur.css was preloaded using link preload but not used within a few seconds from the window's load event. Please make sure it has an appropriate `as` value and it is preloaded intentionally. @ https://vercel.com/bhavya-foundation/bhavya-foundation-website:0
[  144787ms] [WARNING] The resource https://vercel.com/_next/static/immutable/chunks/04eapzb7_6k52.css was preloaded using link preload but not used within a few seconds from the window's load event. Please make sure it has an appropriate `as` value and it is preloaded intentionally. @ https://vercel.com/bhavya-foundation/bhavya-foundation-website:0
[  144788ms] [WARNING] The resource https://vercel.com/_next/static/immutable/chunks/1lrt0kk_p9rdf.css was preloaded using link preload but not used within a few seconds from the window's load event. Please make sure it has an appropriate `as` value and it is preloaded intentionally. @ https://vercel.com/bhavya-foundation/bhavya-foundation-website:0
[  152535ms] [WARNING] The resource https://vercel.com/_next/static/immutable/chunks/296pubnon3xrx.css was preloaded using link preload but not used within a few seconds from the window's load event. Please make sure it has an appropriate `as` value and it is preloaded intentionally. @ https://vercel.com/bhavya-foundation/bhavya-foundation-website:0
[  152536ms] [WARNING] The resource https://vercel.com/_next/static/immutable/chunks/32fn_23dei1yg.css was preloaded using link preload but not used within a few seconds from the window's load event. Please make sure it has an appropriate `as` value and it is preloaded intentionally. @ https://vercel.com/bhavya-foundation/bhavya-foundation-website:0
[  152561ms] [WARNING] The resource https://vercel.com/_next/static/immutable/chunks/1_zhxte94w_ni.css was preloaded using link preload but not used within a few seconds from the window's load event. Please make sure it has an appropriate `as` value and it is preloaded intentionally. @ https://vercel.com/bhavya-foundation/bhavya-foundation-website:0
[  152566ms] [WARNING] The resource https://vercel.com/_next/static/immutable/chunks/3flhcz7cw314y.css was preloaded using link preload but not used within a few seconds from the window's load event. Please make sure it has an appropriate `as` value and it is preloaded intentionally. @ https://vercel.com/bhavya-foundation/bhavya-foundation-website:0
[  152567ms] [WARNING] The resource https://vercel.com/_next/static/immutable/chunks/21rw_-yth3n_r.css was preloaded using link preload but not used within a few seconds from the window's load event. Please make sure it has an appropriate `as` value and it is preloaded intentionally. @ https://vercel.com/bhavya-foundation/bhavya-foundation-website:0
[  152567ms] [WARNING] The resource https://vercel.com/_next/static/immutable/chunks/2oriaryyh9mxi.css was preloaded using link preload but not used within a few seconds from the window's load event. Please make sure it has an appropriate `as` value and it is preloaded intentionally. @ https://vercel.com/bhavya-foundation/bhavya-foundation-website:0
[  152567ms] [WARNING] The resource https://vercel.com/_next/static/immutable/chunks/20i78jgd2slur.css was preloaded using link preload but not used within a few seconds from the window's load event. Please make sure it has an appropriate `as` value and it is preloaded intentionally. @ https://vercel.com/bhavya-foundation/bhavya-foundation-website:0
[  152568ms] [WARNING] The resource https://vercel.com/_next/static/immutable/chunks/04eapzb7_6k52.css was preloaded using link preload but not used within a few seconds from the window's load event. Please make sure it has an appropriate `as` value and it is preloaded intentionally. @ https://vercel.com/bhavya-foundation/bhavya-foundation-website:0
[  152569ms] [WARNING] The resource https://vercel.com/_next/static/immutable/chunks/1lrt0kk_p9rdf.css was preloaded using link preload but not used within a few seconds from the window's load event. Please make sure it has an appropriate `as` value and it is preloaded intentionally. @ https://vercel.com/bhavya-foundation/bhavya-foundation-website:0
[  157417ms] [WARNING] The resource https://vercel.com/_next/static/immutable/chunks/296pubnon3xrx.css was preloaded using link preload but not used within a few seconds from the window's load event. Please make sure it has an appropriate `as` value and it is preloaded intentionally. @ https://vercel.com/bhavya-foundation/bhavya-foundation-website:0
[  157434ms] [WARNING] The resource https://vercel.com/_next/static/immutable/chunks/32fn_23dei1yg.css was preloaded using link preload but not used within a few seconds from the window's load event. Please make sure it has an appropriate `as` value and it is preloaded intentionally. @ https://vercel.com/bhavya-foundation/bhavya-foundation-website:0
[  157695ms] [WARNING] The resource https://vercel.com/_next/static/immutable/chunks/1_zhxte94w_ni.css was preloaded using link preload but not used within a few seconds from the window's load event. Please make sure it has an appropriate `as` value and it is preloaded intentionally. @ https://vercel.com/bhavya-foundation/bhavya-foundation-website:0
[  157695ms] [WARNING] The resource https://vercel.com/_next/static/immutable/chunks/3flhcz7cw314y.css was preloaded using link preload but not used within a few seconds from the window's load event. Please make sure it has an appropriate `as` value and it is preloaded intentionally. @ https://vercel.com/bhavya-foundation/bhavya-foundation-website:0
[  157695ms] [WARNING] The resource https://vercel.com/_next/static/immutable/chunks/21rw_-yth3n_r.css was preloaded using link preload but not used within a few seconds from the window's load event. Please make sure it has an appropriate `as` value and it is preloaded intentionally. @ https://vercel.com/bhavya-foundation/bhavya-foundation-website:0
[  157695ms] [WARNING] The resource https://vercel.com/_next/static/immutable/chunks/2oriaryyh9mxi.css was preloaded using link preload but not used within a few seconds from the window's load event. Please make sure it has an appropriate `as` value and it is preloaded intentionally. @ https://vercel.com/bhavya-foundation/bhavya-foundation-website:0
[  157695ms] [WARNING] The resource https://vercel.com/_next/static/immutable/chunks/20i78jgd2slur.css was preloaded using link preload but not used within a few seconds from the window's load event. Please make sure it has an appropriate `as` value and it is preloaded intentionally. @ https://vercel.com/bhavya-foundation/bhavya-foundation-website:0
[  157695ms] [WARNING] The resource https://vercel.com/_next/static/immutable/chunks/04eapzb7_6k52.css was preloaded using link preload but not used within a few seconds from the window's load event. Please make sure it has an appropriate `as` value and it is preloaded intentionally. @ https://vercel.com/bhavya-foundation/bhavya-foundation-website:0
[  157695ms] [WARNING] The resource https://vercel.com/_next/static/immutable/chunks/1lrt0kk_p9rdf.css was preloaded using link preload but not used within a few seconds from the window's load event. Please make sure it has an appropriate `as` value and it is preloaded intentionally. @ https://vercel.com/bhavya-foundation/bhavya-foundation-website:0
[  164779ms] [WARNING] The resource https://vercel.com/_next/static/immutable/chunks/296pubnon3xrx.css was preloaded using link preload but not used within a few seconds from the window's load event. Please make sure it has an appropriate `as` value and it is preloaded intentionally. @ https://vercel.com/bhavya-foundation/bhavya-foundation-website:0
[  164779ms] [WARNING] The resource https://vercel.com/_next/static/immutable/chunks/32fn_23dei1yg.css was preloaded using link preload but not used within a few seconds from the window's load event. Please make sure it has an appropriate `as` value and it is preloaded intentionally. @ https://vercel.com/bhavya-foundation/bhavya-foundation-website:0
[  164787ms] [WARNING] The resource https://vercel.com/_next/static/immutable/chunks/1_zhxte94w_ni.css was preloaded using link preload but not used within a few seconds from the window's load event. Please make sure it has an appropriate `as` value and it is preloaded intentionally. @ https://vercel.com/bhavya-foundation/bhavya-foundation-website:0
[  164791ms] [WARNING] The resource https://vercel.com/_next/static/immutable/chunks/3flhcz7cw314y.css was preloaded using link preload but not used within a few seconds from the window's load event. Please make sure it has an appropriate `as` value and it is preloaded intentionally. @ https://vercel.com/bhavya-foundation/bhavya-foundation-website:0
[  164793ms] [WARNING] The resource https://vercel.com/_next/static/immutable/chunks/21rw_-yth3n_r.css was preloaded using link preload but not used within a few seconds from the window's load event. Please make sure it has an appropriate `as` value and it is preloaded intentionally. @ https://vercel.com/bhavya-foundation/bhavya-foundation-website:0
[  164796ms] [WARNING] The resource https://vercel.com/_next/static/immutable/chunks/2oriaryyh9mxi.css was preloaded using link preload but not used within a few seconds from the window's load event. Please make sure it has an appropriate `as` value and it is preloaded intentionally. @ https://vercel.com/bhavya-foundation/bhavya-foundation-website:0
[  164803ms] [WARNING] The resource https://vercel.com/_next/static/immutable/chunks/20i78jgd2slur.css was preloaded using link preload but not used within a few seconds from the window's load event. Please make sure it has an appropriate `as` value and it is preloaded intentionally. @ https://vercel.com/bhavya-foundation/bhavya-foundation-website:0
[  164804ms] [WARNING] The resource https://vercel.com/_next/static/immutable/chunks/04eapzb7_6k52.css was preloaded using link preload but not used within a few seconds from the window's load event. Please make sure it has an appropriate `as` value and it is preloaded intentionally. @ https://vercel.com/bhavya-foundation/bhavya-foundation-website:0
[  164807ms] [WARNING] The resource https://vercel.com/_next/static/immutable/chunks/1lrt0kk_p9rdf.css was preloaded using link preload but not used within a few seconds from the window's load event. Please make sure it has an appropriate `as` value and it is preloaded intentionally. @ https://vercel.com/bhavya-foundation/bhavya-foundation-website:0
[  170109ms] [WARNING] The resource https://vercel.com/_next/static/immutable/chunks/296pubnon3xrx.css was preloaded using link preload but not used within a few seconds from the window's load event. Please make sure it has an appropriate `as` value and it is preloaded intentionally. @ https://vercel.com/bhavya-foundation/bhavya-foundation-website:0
[  170123ms] [WARNING] The resource https://vercel.com/_next/static/immutable/chunks/32fn_23dei1yg.css was preloaded using link preload but not used within a few seconds from the window's load event. Please make sure it has an appropriate `as` value and it is preloaded intentionally. @ https://vercel.com/bhavya-foundation/bhavya-foundation-website:0
[  170125ms] [WARNING] The resource https://vercel.com/_next/static/immutable/chunks/1_zhxte94w_ni.css was preloaded using link preload but not used within a few seconds from the window's load event. Please make sure it has an appropriate `as` value and it is preloaded intentionally. @ https://vercel.com/bhavya-foundation/bhavya-foundation-website:0
[  170138ms] [WARNING] The resource https://vercel.com/_next/static/immutable/chunks/3flhcz7cw314y.css was preloaded using link preload but not used within a few seconds from the window's load event. Please make sure it has an appropriate `as` value and it is preloaded intentionally. @ https://vercel.com/bhavya-foundation/bhavya-foundation-website:0
[  170146ms] [WARNING] The resource https://vercel.com/_next/static/immutable/chunks/21rw_-yth3n_r.css was preloaded using link preload but not used within a few seconds from the window's load event. Please make sure it has an appropriate `as` value and it is preloaded intentionally. @ https://vercel.com/bhavya-foundation/bhavya-foundation-website:0
[  170154ms] [WARNING] The resource https://vercel.com/_next/static/immutable/chunks/2oriaryyh9mxi.css was preloaded using link preload but not used within a few seconds from the window's load event. Please make sure it has an appropriate `as` value and it is preloaded intentionally. @ https://vercel.com/bhavya-foundation/bhavya-foundation-website:0
[  170175ms] [WARNING] The resource https://vercel.com/_next/static/immutable/chunks/20i78jgd2slur.css was preloaded using link preload but not used within a few seconds from the window's load event. Please make sure it has an appropriate `as` value and it is preloaded intentionally. @ https://vercel.com/bhavya-foundation/bhavya-foundation-website:0
[  170175ms] [WARNING] The resource https://vercel.com/_next/static/immutable/chunks/04eapzb7_6k52.css was preloaded using link preload but not used within a few seconds from the window's load event. Please make sure it has an appropriate `as` value and it is preloaded intentionally. @ https://vercel.com/bhavya-foundation/bhavya-foundation-website:0
[  170176ms] [WARNING] The resource https://vercel.com/_next/static/immutable/chunks/1lrt0kk_p9rdf.css was preloaded using link preload but not used within a few seconds from the window's load event. Please make sure it has an appropriate `as` value and it is preloaded intentionally. @ https://vercel.com/bhavya-foundation/bhavya-foundation-website:0
[  177941ms] [WARNING] The resource https://vercel.com/_next/static/immutable/chunks/296pubnon3xrx.css was preloaded using link preload but not used within a few seconds from the window's load event. Please make sure it has an appropriate `as` value and it is preloaded intentionally. @ https://vercel.com/bhavya-foundation/bhavya-foundation-website:0
[  177942ms] [WARNING] The resource https://vercel.com/_next/static/immutable/chunks/32fn_23dei1yg.css was preloaded using link preload but not used within a few seconds from the window's load event. Please make sure it has an appropriate `as` value and it is preloaded intentionally. @ https://vercel.com/bhavya-foundation/bhavya-foundation-website:0
[  177942ms] [WARNING] The resource https://vercel.com/_next/static/immutable/chunks/1_zhxte94w_ni.css was preloaded using link preload but not used within a few seconds from the window's load event. Please make sure it has an appropriate `as` value and it is preloaded intentionally. @ https://vercel.com/bhavya-foundation/bhavya-foundation-website:0
[  177942ms] [WARNING] The resource https://vercel.com/_next/static/immutable/chunks/3flhcz7cw314y.css was preloaded using link preload but not used within a few seconds from the window's load event. Please make sure it has an appropriate `as` value and it is preloaded intentionally. @ https://vercel.com/bhavya-foundation/bhavya-foundation-website:0
[  177942ms] [WARNING] The resource https://vercel.com/_next/static/immutable/chunks/21rw_-yth3n_r.css was preloaded using link preload but not used within a few seconds from the window's load event. Please make sure it has an appropriate `as` value and it is preloaded intentionally. @ https://vercel.com/bhavya-foundation/bhavya-foundation-website:0
[  177942ms] [WARNING] The resource https://vercel.com/_next/static/immutable/chunks/2oriaryyh9mxi.css was preloaded using link preload but not used within a few seconds from the window's load event. Please make sure it has an appropriate `as` value and it is preloaded intentionally. @ https://vercel.com/bhavya-foundation/bhavya-foundation-website:0
[  177942ms] [WARNING] The resource https://vercel.com/_next/static/immutable/chunks/20i78jgd2slur.css was preloaded using link preload but not used within a few seconds from the window's load event. Please make sure it has an appropriate `as` value and it is preloaded intentionally. @ https://vercel.com/bhavya-foundation/bhavya-foundation-website:0
[  177942ms] [WARNING] The resource https://vercel.com/_next/static/immutable/chunks/04eapzb7_6k52.css was preloaded using link preload but not used within a few seconds from the window's load event. Please make sure it has an appropriate `as` value and it is preloaded intentionally. @ https://vercel.com/bhavya-foundation/bhavya-foundation-website:0
[  177942ms] [WARNING] The resource https://vercel.com/_next/static/immutable/chunks/1lrt0kk_p9rdf.css was preloaded using link preload but not used within a few seconds from the window's load event. Please make sure it has an appropriate `as` value and it is preloaded intentionally. @ https://vercel.com/bhavya-foundation/bhavya-foundation-website:0
[  189839ms] [WARNING] The resource https://vercel.com/_next/static/immutable/chunks/296pubnon3xrx.css was preloaded using link preload but not used within a few seconds from the window's load event. Please make sure it has an appropriate `as` value and it is preloaded intentionally. @ https://vercel.com/bhavya-foundation/bhavya-foundation-website:0
[  189839ms] [WARNING] The resource https://vercel.com/_next/static/immutable/chunks/32fn_23dei1yg.css was preloaded using link preload but not used within a few seconds from the window's load event. Please make sure it has an appropriate `as` value and it is preloaded intentionally. @ https://vercel.com/bhavya-foundation/bhavya-foundation-website:0
[  189839ms] [WARNING] The resource https://vercel.com/_next/static/immutable/chunks/1_zhxte94w_ni.css was preloaded using link preload but not used within a few seconds from the window's load event. Please make sure it has an appropriate `as` value and it is preloaded intentionally. @ https://vercel.com/bhavya-foundation/bhavya-foundation-website:0
[  189839ms] [WARNING] The resource https://vercel.com/_next/static/immutable/chunks/3flhcz7cw314y.css was preloaded using link preload but not used within a few seconds from the window's load event. Please make sure it has an appropriate `as` value and it is preloaded intentionally. @ https://vercel.com/bhavya-foundation/bhavya-foundation-website:0
[  189839ms] [WARNING] The resource https://vercel.com/_next/static/immutable/chunks/21rw_-yth3n_r.css was preloaded using link preload but not used within a few seconds from the window's load event. Please make sure it has an appropriate `as` value and it is preloaded intentionally. @ https://vercel.com/bhavya-foundation/bhavya-foundation-website:0
[  189864ms] [WARNING] The resource https://vercel.com/_next/static/immutable/chunks/2oriaryyh9mxi.css was preloaded using link preload but not used within a few seconds from the window's load event. Please make sure it has an appropriate `as` value and it is preloaded intentionally. @ https://vercel.com/bhavya-foundation/bhavya-foundation-website:0
[  189864ms] [WARNING] The resource https://vercel.com/_next/static/immutable/chunks/20i78jgd2slur.css was preloaded using link preload but not used within a few seconds from the window's load event. Please make sure it has an appropriate `as` value and it is preloaded intentionally. @ https://vercel.com/bhavya-foundation/bhavya-foundation-website:0
[  189864ms] [WARNING] The resource https://vercel.com/_next/static/immutable/chunks/04eapzb7_6k52.css was preloaded using link preload but not used within a few seconds from the window's load event. Please make sure it has an appropriate `as` value and it is preloaded intentionally. @ https://vercel.com/bhavya-foundation/bhavya-foundation-website:0
[  189864ms] [WARNING] The resource https://vercel.com/_next/static/immutable/chunks/1lrt0kk_p9rdf.css was preloaded using link preload but not used within a few seconds from the window's load event. Please make sure it has an appropriate `as` value and it is preloaded intentionally. @ https://vercel.com/bhavya-foundation/bhavya-foundation-website:0
[  197513ms] [WARNING] The resource https://vercel.com/_next/static/immutable/chunks/296pubnon3xrx.css was preloaded using link preload but not used within a few seconds from the window's load event. Please make sure it has an appropriate `as` value and it is preloaded intentionally. @ https://vercel.com/bhavya-foundation/bhavya-foundation-website:0
[  197513ms] [WARNING] The resource https://vercel.com/_next/static/immutable/chunks/32fn_23dei1yg.css was preloaded using link preload but not used within a few seconds from the window's load event. Please make sure it has an appropriate `as` value and it is preloaded intentionally. @ https://vercel.com/bhavya-foundation/bhavya-foundation-website:0
[  197513ms] [WARNING] The resource https://vercel.com/_next/static/immutable/chunks/1_zhxte94w_ni.css was preloaded using link preload but not used within a few seconds from the window's load event. Please make sure it has an appropriate `as` value and it is preloaded intentionally. @ https://vercel.com/bhavya-foundation/bhavya-foundation-website:0
[  197513ms] [WARNING] The resource https://vercel.com/_next/static/immutable/chunks/3flhcz7cw314y.css was preloaded using link preload but not used within a few seconds from the window's load event. Please make sure it has an appropriate `as` value and it is preloaded intentionally. @ https://vercel.com/bhavya-foundation/bhavya-foundation-website:0
[  197513ms] [WARNING] The resource https://vercel.com/_next/static/immutable/chunks/21rw_-yth3n_r.css was preloaded using link preload but not used within a few seconds from the window's load event. Please make sure it has an appropriate `as` value and it is preloaded intentionally. @ https://vercel.com/bhavya-foundation/bhavya-foundation-website:0
[  197514ms] [WARNING] The resource https://vercel.com/_next/static/immutable/chunks/2oriaryyh9mxi.css was preloaded using link preload but not used within a few seconds from the window's load event. Please make sure it has an appropriate `as` value and it is preloaded intentionally. @ https://vercel.com/bhavya-foundation/bhavya-foundation-website:0
[  197514ms] [WARNING] The resource https://vercel.com/_next/static/immutable/chunks/20i78jgd2slur.css was preloaded using link preload but not used within a few seconds from the window's load event. Please make sure it has an appropriate `as` value and it is preloaded intentionally. @ https://vercel.com/bhavya-foundation/bhavya-foundation-website:0
[  197514ms] [WARNING] The resource https://vercel.com/_next/static/immutable/chunks/04eapzb7_6k52.css was preloaded using link preload but not used within a few seconds from the window's load event. Please make sure it has an appropriate `as` value and it is preloaded intentionally. @ https://vercel.com/bhavya-foundation/bhavya-foundation-website:0
[  197514ms] [WARNING] The resource https://vercel.com/_next/static/immutable/chunks/1lrt0kk_p9rdf.css was preloaded using link preload but not used within a few seconds from the window's load event. Please make sure it has an appropriate `as` value and it is preloaded intentionally. @ https://vercel.com/bhavya-foundation/bhavya-foundation-website:0
