{"timestamp":"2026-07-30T09:05:14.910Z","level":"info","component":"capability-engine","requestId":null,"capability":"lesson_generation","builder":"lesson","duration":13,"status":"completed"}
{"timestamp":"2026-07-30T09:06:17.732Z","level":"info","component":"capability-engine","requestId":null,"capability":"lesson_generation","builder":"lesson","duration":9,"status":"completed"}
{"timestamp":"2026-07-30T09:06:17.739Z","level":"info","component":"capability-engine","requestId":null,"capability":"lesson_generation","builder":"lesson","duration":0,"status":"completed"}
{"timestamp":"2026-07-30T09:06:17.741Z","level":"info","component":"capability-engine","requestId":null,"capability":"lesson_generation","builder":"lesson","duration":0,"status":"completed"}
{"timestamp":"2026-07-30T09:07:13.899Z","level":"info","component":"capability-engine","requestId":null,"capability":"lesson_generation","builder":"lesson","duration":17,"status":"completed"}
{"timestamp":"2026-07-30T09:07:13.908Z","level":"info","component":"capability-engine","requestId":null,"capability":"quiz_generation","builder":"quiz","duration":6,"status":"completed"}
{"timestamp":"2026-07-30T09:07:13.912Z","level":"info","component":"capability-engine","requestId":null,"capability":"lesson_generation","builder":"lesson","duration":2,"status":"completed"}
{"timestamp":"2026-07-30T09:07:13.919Z","level":"info","component":"capability-engine","requestId":null,"capability":"lesson_generation","builder":"lesson","duration":3,"status":"completed"}
{"timestamp":"2026-07-30T09:07:31.295Z","level":"info","component":"capability-engine","requestId":null,"capability":"lesson_generation","builder":"lesson","duration":9,"status":"completed"}
{"timestamp":"2026-07-30T09:07:31.302Z","level":"info","component":"capability-engine","requestId":null,"capability":"quiz_generation","builder":"quiz","duration":5,"status":"completed"}
{"timestamp":"2026-07-30T09:07:31.307Z","level":"info","component":"capability-engine","requestId":null,"capability":"lesson_generation","builder":"lesson","duration":3,"status":"completed"}
{"timestamp":"2026-07-30T09:07:31.316Z","level":"info","component":"capability-engine","requestId":null,"capability":"lesson_generation","builder":"lesson","duration":3,"status":"completed"}
{"timestamp":"2026-07-30T09:07:31.320Z","level":"info","component":"capability-engine","requestId":null,"capability":"website_generation","builder":"website","duration":2,"status":"completed"}
{"timestamp":"2026-07-30T09:17:54.086Z","level":"info","component":"capability-engine","requestId":null,"capability":"lesson_generation","builder":"lesson","duration":14,"status":"completed"}
{"timestamp":"2026-07-30T09:17:54.093Z","level":"info","component":"capability-engine","requestId":null,"capability":"quiz_generation","builder":"quiz","duration":5,"status":"completed"}
{"timestamp":"2026-07-30T09:17:54.099Z","level":"info","component":"capability-engine","requestId":null,"capability":"lesson_generation","builder":"lesson","duration":3,"status":"completed"}
{"timestamp":"2026-07-30T09:17:54.103Z","level":"info","component":"capability-engine","requestId":null,"capability":"lesson_generation","builder":"lesson","duration":3,"status":"completed"}
{"timestamp":"2026-07-30T09:18:08.679Z","level":"info","component":"capability-engine","requestId":null,"capability":"lesson_generation","builder":"lesson","duration":11,"status":"completed"}
{"timestamp":"2026-07-30T09:18:08.686Z","level":"info","component":"capability-engine","requestId":null,"capability":"quiz_generation","builder":"quiz","duration":5,"status":"completed"}
{"timestamp":"2026-07-30T09:18:08.695Z","level":"info","component":"capability-engine","requestId":null,"capability":"lesson_generation","builder":"lesson","duration":6,"status":"completed"}
{"timestamp":"2026-07-30T09:18:08.699Z","level":"info","component":"capability-engine","requestId":null,"capability":"lesson_generation","builder":"lesson","duration":3,"status":"completed"}
{"timestamp":"2026-07-30T09:18:23.471Z","level":"info","component":"capability-engine","requestId":null,"capability":"lesson_generation","builder":"lesson","duration":9,"status":"completed"}
{"timestamp":"2026-07-30T09:18:23.480Z","level":"info","component":"capability-engine","requestId":null,"capability":"quiz_generation","builder":"quiz","duration":6,"status":"completed"}
{"timestamp":"2026-07-30T09:18:23.490Z","level":"info","component":"capability-engine","requestId":null,"capability":"lesson_generation","builder":"lesson","duration":7,"status":"completed"}
{"timestamp":"2026-07-30T09:18:23.495Z","level":"info","component":"capability-engine","requestId":null,"capability":"lesson_generation","builder":"lesson","duration":3,"status":"completed"}
{"timestamp":"2026-07-30T09:18:36.874Z","level":"info","component":"capability-engine","requestId":null,"capability":"lesson_generation","builder":"lesson","duration":14,"status":"completed"}
{"timestamp":"2026-07-30T09:19:05.409Z","level":"info","component":"capability-engine","requestId":null,"capability":"lesson_generation","builder":"lesson","duration":10,"status":"completed"}
{"timestamp":"2026-07-30T09:19:21.082Z","level":"info","component":"capability-engine","requestId":null,"capability":"lesson_generation","builder":"lesson","duration":10,"status":"completed"}
{"timestamp":"2026-07-30T09:50:47.831Z","level":"info","component":"capability-engine","requestId":null,"capability":"lesson_generation","builder":"lesson","duration":53,"status":"completed"}
{"timestamp":"2026-07-30T09:50:47.843Z","level":"info","component":"capability-engine","requestId":null,"capability":"quiz_generation","builder":"quiz","duration":10,"status":"completed"}
{"timestamp":"2026-07-30T09:50:47.848Z","level":"info","component":"capability-engine","requestId":null,"capability":"lesson_generation","builder":"lesson","duration":3,"status":"completed"}
{"timestamp":"2026-07-30T09:50:47.856Z","level":"info","component":"capability-engine","requestId":null,"capability":"lesson_generation","builder":"lesson","duration":3,"status":"completed"}
{"timestamp":"2026-07-30T09:50:47.862Z","level":"info","component":"capability-engine","requestId":null,"capability":"website_generation","builder":"website","duration":3,"status":"completed"}
{"timestamp":"2026-07-30T09:54:07.932Z","level":"info","component":"capability-engine","requestId":null,"capability":"lesson_generation","builder":"lesson","duration":18,"status":"completed"}
{"timestamp":"2026-07-30T09:54:07.947Z","level":"info","component":"capability-engine","requestId":null,"capability":"quiz_generation","builder":"quiz","duration":10,"status":"completed"}
{"timestamp":"2026-07-30T09:54:07.963Z","level":"info","component":"capability-engine","requestId":null,"capability":"lesson_generation","builder":"lesson","duration":5,"status":"completed"}
{"timestamp":"2026-07-30T09:54:07.975Z","level":"info","component":"capability-engine","requestId":null,"capability":"lesson_generation","builder":"lesson","duration":10,"status":"completed"}
{"timestamp":"2026-07-30T09:54:07.980Z","level":"info","component":"capability-engine","requestId":null,"capability":"visual_spec_generation","builder":"visual-spec","duration":3,"status":"completed"}
{"timestamp":"2026-07-30T09:54:07.991Z","level":"info","component":"capability-engine","requestId":null,"capability":"video_generation","builder":"video","duration":9,"status":"completed"}
{"timestamp":"2026-07-30T09:54:08.005Z","level":"info","component":"capability-engine","requestId":null,"capability":"website_generation","builder":"website","duration":7,"status":"completed"}
{"timestamp":"2026-07-30T10:00:32.380Z","level":"info","component":"capability-engine","requestId":null,"capability":"lesson_generation","builder":"lesson","duration":59,"status":"completed"}
{"timestamp":"2026-07-30T10:00:32.406Z","level":"info","component":"capability-engine","requestId":null,"capability":"quiz_generation","builder":"quiz","duration":21,"status":"completed"}
{"timestamp":"2026-07-30T10:00:32.412Z","level":"info","component":"capability-engine","requestId":null,"capability":"lesson_generation","builder":"lesson","duration":4,"status":"completed"}
{"timestamp":"2026-07-30T10:00:32.426Z","level":"info","component":"capability-engine","requestId":null,"capability":"lesson_generation","builder":"lesson","duration":12,"status":"completed"}
{"timestamp":"2026-07-30T10:00:32.446Z","level":"info","component":"capability-engine","requestId":null,"capability":"visual_spec_generation","builder":"visual-spec","duration":18,"status":"completed"}
{"timestamp":"2026-07-30T10:00:32.467Z","level":"info","component":"capability-engine","requestId":null,"capability":"video_generation","builder":"video","duration":19,"status":"completed"}
{"timestamp":"2026-07-30T10:00:32.480Z","level":"info","component":"capability-engine","requestId":null,"capability":"website_generation","builder":"website","duration":11,"status":"completed"}
{"timestamp":"2026-07-30T10:10:28.109Z","level":"info","component":"capability-engine","requestId":null,"capability":"lesson_generation","builder":"lesson","duration":23,"status":"completed"}
{"timestamp":"2026-07-30T10:10:28.128Z","level":"info","component":"capability-engine","requestId":null,"capability":"quiz_generation","builder":"quiz","duration":16,"status":"completed"}
{"timestamp":"2026-07-30T10:10:28.147Z","level":"info","component":"capability-engine","requestId":null,"capability":"lesson_generation","builder":"lesson","duration":8,"status":"completed"}
{"timestamp":"2026-07-30T10:10:28.164Z","level":"info","component":"capability-engine","requestId":null,"capability":"lesson_generation","builder":"lesson","duration":15,"status":"completed"}
{"timestamp":"2026-07-30T10:10:28.179Z","level":"info","component":"capability-engine","requestId":null,"capability":"visual_spec_generation","builder":"visual-spec","duration":7,"status":"completed"}
{"timestamp":"2026-07-30T10:10:28.194Z","level":"info","component":"capability-engine","requestId":null,"capability":"video_generation","builder":"video","duration":13,"status":"completed"}
{"timestamp":"2026-07-30T10:10:28.215Z","level":"info","component":"capability-engine","requestId":null,"capability":"website_generation","builder":"website","duration":16,"status":"completed"}
{"timestamp":"2026-07-30T10:11:16.918Z","level":"info","component":"capability-engine","requestId":null,"capability":"lesson_generation","builder":"lesson","duration":17,"status":"completed"}
{"timestamp":"2026-07-30T10:11:16.928Z","level":"info","component":"capability-engine","requestId":null,"capability":"quiz_generation","builder":"quiz","duration":7,"status":"completed"}
{"timestamp":"2026-07-30T10:24:08.728Z","level":"info","component":"capability-engine","requestId":null,"capability":"lesson_generation","builder":"lesson","duration":15,"status":"completed"}
{"timestamp":"2026-07-30T10:24:08.756Z","level":"info","component":"capability-engine","requestId":null,"capability":"quiz_generation","builder":"quiz","duration":20,"status":"completed"}
{"timestamp":"2026-07-30T10:24:08.764Z","level":"info","component":"capability-engine","requestId":null,"capability":"lesson_generation","builder":"lesson","duration":5,"status":"completed"}
{"timestamp":"2026-07-30T10:24:08.777Z","level":"info","component":"capability-engine","requestId":null,"capability":"lesson_generation","builder":"lesson","duration":10,"status":"completed"}
{"timestamp":"2026-07-30T10:24:08.786Z","level":"info","component":"capability-engine","requestId":null,"capability":"visual_spec_generation","builder":"visual-spec","duration":4,"status":"completed"}
{"timestamp":"2026-07-30T10:24:08.800Z","level":"info","component":"capability-engine","requestId":null,"capability":"video_generation","builder":"video","duration":10,"status":"completed"}
{"timestamp":"2026-07-30T10:24:08.813Z","level":"info","component":"capability-engine","requestId":null,"capability":"website_generation","builder":"website","duration":8,"status":"completed"}
{"timestamp":"2026-07-30T10:33:40.495Z","level":"info","component":"capability-engine","requestId":null,"capability":"lesson_generation","builder":"lesson","duration":19,"status":"completed"}
